{
  "Fields": [
    {
      "FallbackText": "Ethereum Mainnet",
      "Label": "Network",
      "TextV2": {
        "Text": "Ethereum Mainnet"
      },
      "Type": "text_v2"
    },
    {
      "AddressV2": {
        "Address": "0x66a9893cC07D91D95644AEDD05D03f95e1dBA8Af",
        "AssetLabel": "ETH",
        "Name": "To"
      },
      "FallbackText": "0x66a9893cC07D91D95644AEDD05D03f95e1dBA8Af",
      "Label": "To",
      "Type": "address_v2"
    },
    {
      "AmountV2": {
        "Abbreviation": "ETH",
        "Amount": "0.005"
      },
      "FallbackText": "0.005 ETH",
      "Label": "Value",
      "Type": "amount_v2"
    },
    {
      "FallbackText": "262716",
      "Label": "Gas Limit",
      "TextV2": {
        "Text": "262716"
      },
      "Type": "text_v2"
    },
    {
      "FallbackText": "1.767030437 gwei",
      "Label": "Gas Price",
      "TextV2": {
        "Text": "1.767030437 gwei"
      },
      "Type": "text_v2"
    },
    {
      "FallbackText": "1.264743777 gwei",
      "Label": "Max Priority Fee Per Gas",
      "TextV2": {
        "Text": "1.264743777 gwei"
      },
      "Type": "text_v2"
    },
    {
      "FallbackText": "562",
      "Label": "Nonce",
      "TextV2": {
        "Text": "562"
      },
      "Type": "text_v2"
    },
    {
      "FallbackText": "Uniswap Universal Router Execute: 4 commands ([WrapEth, V2SwapExactIn, PayPortion, Sweep]), deadline 2025-07-24 21:15:28 UTC",
      "Label": "Universal Router",
      "PreviewLayout": {
        "Condensed": {
          "Fields": []
        },
        "Expanded": {
          "Fields": [
            {
              "FallbackText": "Wrap >=0.005000000000000000 ETH to WETH",
              "Label": "Command 1",
              "PreviewLayout": {
                "Condensed": {
                  "Fields": []
                },
                "Expanded": {
                  "Fields": []
                },
                "Subtitle": {
                  "Text": "Wrap >=0.005000000000000000 ETH to WETH"
                },
                "Title": {
                  "Text": "Wrap ETH"
                }
              },
              "Type": "preview_layout"
            },
            {
              "FallbackText": "Swap 0.005000000000000000 WETH for >=0 0xb1137b9ce6db98312bc9dcb3a8a41eb3d212776f via V2 (1 hops)",
              "Label": "V2 Swap Exact In",
              "PreviewLayout": {
                "Condensed": {
                  "Fields": []
                },
                "Expanded": {
                  "Fields": [
                    {
                      "FallbackText": "WETH",
                      "Label": "Input Token",
                      "TextV2": {
                        "Text": "WETH"
                      },
                      "Type": "text_v2"
                    },
                    {
                      "FallbackText": "0.005000000000000000",
                      "Label": "Input Amount",
                      "TextV2": {
                        "Text": "0.005000000000000000"
                      },
                      "Type": "text_v2"
                    },
                    {
                      "FallbackText": "0xb1137b9ce6db98312bc9dcb3a8a41eb3d212776f",
                      "Label": "Output Token",
                      "TextV2": {
                        "Text": "0xb1137b9ce6db98312bc9dcb3a8a41eb3d212776f"
                      },
                      "Type": "text_v2"
                    },
                    {
                      "FallbackText": ">=0",
                      "Label": "Minimum Output",
                      "TextV2": {
                        "Text": ">=0"
                      },
                      "Type": "text_v2"
                    },
                    {
                      "FallbackText": "1",
                      "Label": "Hops",
                      "TextV2": {
                        "Text": "1"
                      },
                      "Type": "text_v2"
                    }
                  ]
                },
                "Subtitle": {
                  "Text": "Swap 0.005000000000000000 WETH for >=0 0xb1137b9ce6db98312bc9dcb3a8a41eb3d212776f via V2 (1 hops)"
                },
                "Title": {
                  "Text": "V2 Swap Exact In"
                }
              },
              "Type": "preview_layout"
            },
            {
              "FallbackText": "Pay 0.2500% of 0xb1137b9ce6db98312bc9dcb3a8a41eb3d212776f to 0x000000fee13a103A10D593b9AE06b3e05F2E7E1c",
              "Label": "Pay Portion",
              "PreviewLayout": {
                "Condensed": {
                  "Fields": []
                },
                "Expanded": {
                  "Fields": [
                    {
                      "FallbackText": "0xb1137b9ce6db98312bc9dcb3a8a41eb3d212776f",
                      "Label": "Token",
                      "TextV2": {
                        "Text": "0xb1137b9ce6db98312bc9dcb3a8a41eb3d212776f"
                      },
                      "Type": "text_v2"
                    },
                    {
                      "FallbackText": "0.2500%",
                      "Label": "Percentage",
                      "TextV2": {
                        "Text": "0.2500%"
                      },
                      "Type": "text_v2"
                    },
                    {
                      "FallbackText": "0x000000fee13a103a10d593b9ae06b3e05f2e7e1c",
                      "Label": "Recipient",
                      "TextV2": {
                        "Text": "0x000000fee13a103a10d593b9ae06b3e05f2e7e1c"
                      },
                      "Type": "text_v2"
                    }
                  ]
                },
                "Subtitle": {
                  "Text": "Pay 0.2500% of 0xb1137b9ce6db98312bc9dcb3a8a41eb3d212776f to 0x000000fee13a103A10D593b9AE06b3e05F2E7E1c"
                },
                "Title": {
                  "Text": "Pay Portion"
                }
              },
              "Type": "preview_layout"
            },
            {
              "FallbackText": "Sweep >=15576608559435 0xb1137b9ce6db98312bc9dcb3a8a41eb3d212776f to 0x6b95d095598e1a080cb62e8ccd99dd64853f1b99",
              "Label": "Command 4",
              "PreviewLayout": {
                "Condensed": {
                  "Fields": []
                },
                "Expanded": {
                  "Fields": []
                },
                "Subtitle": {
                  "Text": "Sweep >=15576608559435 0xb1137b9ce6db98312bc9dcb3a8a41eb3d212776f to 0x6b95d095598e1a080cb62e8ccd99dd64853f1b99"
                },
                "Title": {
                  "Text": "Sweep"
                }
              },
              "Type": "preview_layout"
            },
            {
              "FallbackText": "2025-07-24 21:15:28 UTC",
              "Label": "Deadline",
              "TextV2": {
                "Text": "2025-07-24 21:15:28 UTC"
              },
              "Type": "text_v2"
            }
          ]
        },
        "Subtitle": {
          "Text": "4 commands, deadline 2025-07-24 21:15:28 UTC"
        },
        "Title": {
          "Text": "Uniswap Universal Router Execute"
        }
      },
      "Type": "preview_layout"
    }
  ],
  "PayloadType": "EthereumTx",
  "Title": "Ethereum Transaction",
  "Version": "0"
}
