SignablePayload {
    fields: [
        TextV2 {
            common: SignablePayloadFieldCommon {
                fallback_text: "NEAR Mainnet",
                label: "Network",
            },
            text_v2: SignablePayloadFieldTextV2 {
                text: "NEAR Mainnet",
            },
        },
        AddressV2 {
            common: SignablePayloadFieldCommon {
                fallback_text: "app.example.com",
                label: "NEP-413 Recipient",
            },
            address_v2: SignablePayloadFieldAddressV2 {
                address: "app.example.com",
                name: "",
                memo: None,
                asset_label: "",
                badge_text: None,
            },
        },
        TextV2 {
            common: SignablePayloadFieldCommon {
                fallback_text: "0x5d5a0a7e649c6f71be5ea1fd91efdf4a527fdf13b9f6c3610b18691bcdb5047f",
                label: "NEP-413 Nonce",
            },
            text_v2: SignablePayloadFieldTextV2 {
                text: "0x5d5a0a7e649c6f71be5ea1fd91efdf4a527fdf13b9f6c3610b18691bcdb5047f",
            },
        },
        TextV2 {
            common: SignablePayloadFieldCommon {
                fallback_text: "https://app.example.com/done",
                label: "NEP-413 Callback URL",
            },
            text_v2: SignablePayloadFieldTextV2 {
                text: "https://app.example.com/done",
            },
        },
        TextV2 {
            common: SignablePayloadFieldCommon {
                fallback_text: "Sign in to app.example.com",
                label: "NEP-413 Message",
            },
            text_v2: SignablePayloadFieldTextV2 {
                text: "Sign in to app.example.com",
            },
        },
    ],
    payload_type: "NearMessage",
    subtitle: None,
    title: "NEAR Message",
    version: "0",
}
