{"Fields":[{"FallbackText":"Ethereum Mainnet","Label":"Network","TextV2":{"Text":"Ethereum Mainnet"},"Type":"text_v2"},{"AddressV2":{"Address":"0xfeedfacefeedfacefeedfacefeedfacefeedface"},"FallbackText":"0xfeedfacefeedfacefeedfacefeedfacefeedface","Label":"Contract","Type":"address_v2"},{"FallbackText":"Made-Up Protocol v1 - TotallyNovelOp","Label":"Message Type","TextV2":{"Text":"Made-Up Protocol v1 - TotallyNovelOp"},"Type":"text_v2"},{"FallbackText":"42","Label":"weirdValue","TextV2":{"Text":"42"},"Type":"text_v2"},{"FallbackText":"0x3333333333333333333333333333333333333333","Label":"noteTo","TextV2":{"Text":"0x3333333333333333333333333333333333333333"},"Type":"text_v2"}],"PayloadType":"EthereumTypedData","Title":"Sign typed data: TotallyNovelOp","Version":"0"}
